Warning (line 2): Label '729' declared but never used
Warning (line 22): Label '729' declared but never used
Everything is nearly OK, although there were 2 warnings
