Error (line 3): 'INT' is not a type
There were some errors 1 and warnings 0
