Warning (line 7): Label '5' declared but never used
Everything is nearly OK, although there were 1 warnings
